  Determinando los proyectos que se van a restaurar...
E:\PruebasSonar\PruebasSonar\PruebasSonar.csproj : warning NU1603: PruebasSonar depende de Swashbuckle.AspNetCore (>= 6.4.6), pero no se encontr├│ Swashbuckle.AspNetCore 6.4.6. Swashbuckle.AspNetCore 6.5.0 se resolvi├│ en su lugar. [E:\PruebasSonar\PruebasSonar.sln]
  Todos los proyectos est├ín actualizados para la restauraci├│n.
